// Jest Snapshot v1, https://goo.gl/fbAQLP

exports[`SocialProfiles should render all for context 1`] = `
.c0 {
  padding: 1rem;
  width: 75px;
  display: -webkit-inline-box;
  display: -webkit-inline-flex;
  display: -ms-inline-flexbox;
  display: inline-flex;
  -webkit-box-pack: space-around;
  -webkit-justify-content: space-around;
  -ms-flex-pack: space-around;
  justify-content: space-around;
  -webkit-flex-direction: column;
  -ms-flex-direction: column;
  flex-direction: column;
  -webkit-align-items: center;
  -webkit-box-align: center;
  -ms-flex-align: center;
  align-items: center;
  object-fit: contain;
  object-position: bottom;
  -webkit-transition: flex-direction 0.24s ease-in-out,width 0.24s ease-in-out;
  transition: flex-direction 0.24s ease-in-out,width 0.24s ease-in-out;
}

.c1 {
  -webkit-text-decoration: none;
  text-decoration: none;
  position: relative;
  -webkit-letter-spacing: 0.2em;
  -moz-letter-spacing: 0.2em;
  -ms-letter-spacing: 0.2em;
  letter-spacing: 0.2em;
  color: var(--color-link);
}

.c1:link,
.c1:visited {
  color: var(--color-link);
}

.c1:focus {
  outline: thin dotted;
}

.c1:hover {
  color: #aaa;
}

.c1:link {
  -webkit-tap-highlight-color: rgba(102,102,102,0.5);
}

.c2 {
  width: 2rem;
  height: 2rem;
}

@media (max-width:1023px) {
  .c0 {
    width: 75%;
    -webkit-flex-direction: row;
    -ms-flex-direction: row;
    flex-direction: row;
    -webkit-order: 2;
    -ms-flex-order: 2;
    order: 2;
    height: unset;
    -webkit-box-pack: unset;
    -webkit-justify-content: unset;
    -ms-flex-pack: unset;
    justify-content: unset;
    padding: 0 0 0.5rem 0;
  }
}

@media (max-width:1023px) {
  .c1 {
    -webkit-flex-basis: 33%;
    -ms-flex-preferred-size: 33%;
    flex-basis: 33%;
    width: 33%;
    text-align: center;
  }
}

<div>
  <aside
    class="c0"
  >
    <a
      class="c1"
      href="https://www.linkedin.com/in/james-wiens/"
      rel="me"
      title="aretecode"
    >
      <svg
        class="c2"
        role="img"
        viewBox="0 0 24 24"
        xmlns="https://www.w3.org/2000/svg"
      >
        <title>
          linkedin
           icon
        </title>
        <path
          d="M16.893 20.452v-5.569c0-1.328-.027-3.037-1.852-3.037-1.853 0-2.136 1.445-2.136 2.939v5.667H9.351V9h3.414v1.561h.046c.477-.9 1.637-1.85 3.37-1.85 3.601 0 4.267 2.37 4.267 5.455v6.286h-3.555zM5.337 7.433a2.062 2.062 0 0 1-2.063-2.065 2.064 2.064 0 1 1 2.063 2.065zm1.782 13.019H3.555V9h3.564v11.452z"
        />
        <path
          d="M0 0h24v24H0V0z"
          fill="none"
        />
      </svg>
    </a>
  </aside>
</div>
`;
