// Jest Snapshot v1, https://goo.gl/fbAQLP

exports[`SocialProfiles should render all for context 1`] = `
.c0 {
  padding: 1rem;
  width: 75px;
  display: inline-flex;
  justify-content: space-around;
  flex-direction: column;
  align-items: center;
  object-fit: contain;
  object-position: bottom;
  transition: flex-direction 0.24s cubic-bezier(0,0,0.2,1), width 0.24s cubic-bezier(0,0,0.2,1);
}

@media (max-width:1023px) {
  .c0 {
    width: 75%;
    flex-direction: row;
    order: 2;
    height: unset;
    justify-content: unset;
    padding: 0 0 0.5rem 0;
  }
}

<div>
  <aside
    class="c0"
  />
</div>
`;
